ccp  configuration

╭──────────────────────────────────────────────────────────────────────────────────────────────────╮
│   Defaults                                                                                       │
│ deepseek-chat · nano                                                                             │
╰──────────────────────────────────────────────────────────────────────────────────────────────────╯
╭──────────────────────────────────────────────────────────────────────────────────────────────────╮
│   Auto-handoff                                                                                   │
│ enabled: true · policy: default                                                                  │
╰──────────────────────────────────────────────────────────────────────────────────────────────────╯
╭──────────────────────────────────────────────────────────────────────────────────────────────────╮
│   Chain                                                                                          │
│ b-cc                                                                                             │
╰──────────────────────────────────────────────────────────────────────────────────────────────────╯
╭──────────────────────────────────────────────────────────────────────────────────────────────────╮
│   allow_from                                                                                     │
│ no allow_from gate: every loan is permitted                                                      │
╰──────────────────────────────────────────────────────────────────────────────────────────────────╯
╭──────────────────────────────────────────────────────────────────────────────────────────────────╮
│ ▸ Sensors  enter:install/uninstall e:editor                                                      │
│ ▸ a-cc             ✗ not installed                                                               │
│   b-cc             ✗ not installed                                                               │
│   c-cc             ✗ not installed                                                               │
╰──────────────────────────────────────────────────────────────────────────────────────────────────╯

tab: section · j/k: move · enter: act · a/d/J/K: chain · e: editor · esc: back · q: quit