ccp  configuration

╭──────────────────────────────────────────────────────────────────────────────────────────────────╮
│   Defaults                                                                                       │
│ deepseek-chat · nano                                                                             │
╰──────────────────────────────────────────────────────────────────────────────────────────────────╯
╭──────────────────────────────────────────────────────────────────────────────────────────────────╮
│   Auto-handoff                                                                                   │
│ enabled: true · policy: default                                                                  │
╰──────────────────────────────────────────────────────────────────────────────────────────────────╯
╭──────────────────────────────────────────────────────────────────────────────────────────────────╮
│ ▸ Chain  a:add d:remove J/K:reorder e:editor                                                     │
│ ▸ 1. b-cc          ✓ authorized                                                                  │
╰──────────────────────────────────────────────────────────────────────────────────────────────────╯
╭──────────────────────────────────────────────────────────────────────────────────────────────────╮
│   allow_from                                                                                     │
│ no allow_from gate: every loan is permitted                                                      │
╰──────────────────────────────────────────────────────────────────────────────────────────────────╯
╭──────────────────────────────────────────────────────────────────────────────────────────────────╮
│   Sensors                                                                                        │
│ 0/3                                                                                              │
╰──────────────────────────────────────────────────────────────────────────────────────────────────╯

policy: default — the order IS the preference (the first one is lent first)

tab: section · j/k: move · enter: act · a/d/J/K: chain · e: editor · esc: back · q: quit