ccp  configuración

╭──────────────────────────────────────────────────────────────────────────────────────────────────╮
│   Defaults                                                                                       │
│ deepseek-chat · nano                                                                             │
╰──────────────────────────────────────────────────────────────────────────────────────────────────╯
╭──────────────────────────────────────────────────────────────────────────────────────────────────╮
│ ▸ Auto-handoff  enter:abrir ccp.yaml e:editor                                                    │
│ ▸ enabled          true                                                                          │
│   threshold        90%                                                                           │
│   min_dwell        20m0s                                                                         │
│   max_hops         6                                                                             │
│   return_check     10m0s                                                                         │
│   return_idle      1m30s                                                                         │
│   cooldown         resets_at / 1h0m0s                                                            │
╰──────────────────────────────────────────────────────────────────────────────────────────────────╯
╭──────────────────────────────────────────────────────────────────────────────────────────────────╮
│   Cadena                                                                                         │
│ b-cc                                                                                             │
╰──────────────────────────────────────────────────────────────────────────────────────────────────╯
╭──────────────────────────────────────────────────────────────────────────────────────────────────╮
│   allow_from                                                                                     │
│ sin gate allow_from: todos los préstamos permitidos                                              │
╰──────────────────────────────────────────────────────────────────────────────────────────────────╯
╭──────────────────────────────────────────────────────────────────────────────────────────────────╮
│   Sensores                                                                                       │
│ 0/3                                                                                              │
╰──────────────────────────────────────────────────────────────────────────────────────────────────╯

solo lectura aquí: estos valores se editan en ccp.yaml (enter/e lo abre y revalida)

tab: sección · j/k: mover · enter: actuar · a/d/J/K: cadena · e: editor · esc: volver · q: salir