ccp  configuration

╭──────────────────────────────────────────────────────────────────────────────────────────────────╮
│   Defaults                                                                                       │
│ deepseek-chat · nano                                                                             │
╰──────────────────────────────────────────────────────────────────────────────────────────────────╯
╭──────────────────────────────────────────────────────────────────────────────────────────────────╮
│   Auto-handoff                                                                                   │
│ enabled: true · policy: default                                                                  │
╰──────────────────────────────────────────────────────────────────────────────────────────────────╯
╭──────────────────────────────────────────────────────────────────────────────────────────────────╮
│   Chain                                                                                          │
│ b-cc                                                                                             │
╰──────────────────────────────────────────────────────────────────────────────────────────────────╯
╭──────────────────────────────────────────────────────────────────────────────────────────────────╮
│ ▸ allow_from  enter:toggle authorization e:editor                                                │
│ ▸ b-cc             ✓ authorized                                                                  │
╰──────────────────────────────────────────────────────────────────────────────────────────────────╯
╭──────────────────────────────────────────────────────────────────────────────────────────────────╮
│   Sensors                                                                                        │
│ 0/3                                                                                              │
╰──────────────────────────────────────────────────────────────────────────────────────────────────╯

allow_from is not declared, so nothing is blocked; adding here will not create the gate

tab: section · j/k: move · enter: act · a/d/J/K: chain · e: editor · esc: back · q: quit