ccp  configuración

╭──────────────────────────────────────────────────────────────────────────────────────────────────╮
│   Defaults                                                                                       │
│ deepseek-chat · nano                                                                             │
╰──────────────────────────────────────────────────────────────────────────────────────────────────╯
╭──────────────────────────────────────────────────────────────────────────────────────────────────╮
│   Auto-handoff                                                                                   │
│ enabled: true · policy: default                                                                  │
╰──────────────────────────────────────────────────────────────────────────────────────────────────╯
╭──────────────────────────────────────────────────────────────────────────────────────────────────╮
│   Cadena                                                                                         │
│ b-cc                                                                                             │
╰──────────────────────────────────────────────────────────────────────────────────────────────────╯
╭──────────────────────────────────────────────────────────────────────────────────────────────────╮
│ ▸ allow_from  enter:alternar autorización e:editor                                               │
│ ▸ b-cc             ✓ autorizado                                                                  │
╰──────────────────────────────────────────────────────────────────────────────────────────────────╯
╭──────────────────────────────────────────────────────────────────────────────────────────────────╮
│   Sensores                                                                                       │
│ 0/3                                                                                              │
╰──────────────────────────────────────────────────────────────────────────────────────────────────╯

allow_from no está declarado, así que nada se bloquea; añadir aquí no crea el gate

tab: sección · j/k: mover · enter: actuar · a/d/J/K: cadena · e: editor · esc: volver · q: salir