ccp  configuration

╭──────────────────────────────────────────────────────────────────────────────────────────────────╮
│   Defaults                                                                                       │
│ deepseek-chat · nano                                                                             │
╰──────────────────────────────────────────────────────────────────────────────────────────────────╯
╭──────────────────────────────────────────────────────────────────────────────────────────────────╮
│ ▸ Auto-handoff  enter:open ccp.yaml e:editor                                                     │
│ ▸ enabled          true                                                                          │
│   threshold        90%                                                                           │
│   min_dwell        20m0s                                                                         │
│   max_hops         6                                                                             │
│   return_check     10m0s                                                                         │
│   return_idle      1m30s                                                                         │
│   cooldown         resets_at / 1h0m0s                                                            │
╰──────────────────────────────────────────────────────────────────────────────────────────────────╯
╭──────────────────────────────────────────────────────────────────────────────────────────────────╮
│   Chain                                                                                          │
│ b-cc                                                                                             │
╰──────────────────────────────────────────────────────────────────────────────────────────────────╯
╭──────────────────────────────────────────────────────────────────────────────────────────────────╮
│   allow_from                                                                                     │
│ no allow_from gate: every loan is permitted                                                      │
╰──────────────────────────────────────────────────────────────────────────────────────────────────╯
╭──────────────────────────────────────────────────────────────────────────────────────────────────╮
│   Sensors                                                                                        │
│ 0/3                                                                                              │
╰──────────────────────────────────────────────────────────────────────────────────────────────────╯

read-only here: these values are edited in ccp.yaml (enter/e opens it and revalidates)

tab: section · j/k: move · enter: act · a/d/J/K: chain · e: editor · esc: back · q: quit