ccp  configuration

╭──────────────────────────────────────────────────────────────────────────────────────────────────╮
│ ▸ Defaults  enter:edit e:open ccp.yaml                                                           │
│ ▸ base_url         https://api.deepseek.com/anthropic                                            │
│   model_pro        deepseek-chat                                                                 │
│   model_flash      deepseek-chat                                                                 │
│   effort           high                                                                          │
│   editor           nano                                                                          │
│   gui_editor       nano                                                                          │
╰──────────────────────────────────────────────────────────────────────────────────────────────────╯
╭──────────────────────────────────────────────────────────────────────────────────────────────────╮
│   Auto-handoff                                                                                   │
│ enabled: true · policy: default                                                                  │
╰──────────────────────────────────────────────────────────────────────────────────────────────────╯
╭──────────────────────────────────────────────────────────────────────────────────────────────────╮
│   Chain                                                                                          │
│ b-cc                                                                                             │
╰──────────────────────────────────────────────────────────────────────────────────────────────────╯
╭──────────────────────────────────────────────────────────────────────────────────────────────────╮
│   allow_from                                                                                     │
│ no allow_from gate: every loan is permitted                                                      │
╰──────────────────────────────────────────────────────────────────────────────────────────────────╯
╭──────────────────────────────────────────────────────────────────────────────────────────────────╮
│   Sensors                                                                                        │
│ 0/3                                                                                              │
╰──────────────────────────────────────────────────────────────────────────────────────────────────╯

tab: section · j/k: move · enter: act · a/d/J/K: chain · e: editor · esc: back · q: quit