                            ▄█████▄                       
                           ▟███████▙▖   █████ █████ █████ 
 █████████    █████████    █████████    ██████████████████
 ██ ███ ██    █████████    ██ ███ ██    ██    ██    ██████
███████████  ███████████  ███████████   ██    ██    ██████
 █████████    █████████    █████████    █████ █████ ██    
 █ █   █ █    █ █   █ █    █ █   █ █     █████ █████ █    
v2.0.0 — profiles for Claude Code

╭──────────────────────────────────────────────────────────────────────────────────────────────────╮
│ ▸ Profiles  a:add d:delete r:rename s:key e:view l:login enter:detail                            │
│ ▸ a-cc                 official   ✗ no login                                                     │
│   b-cc                 official   ✗ no login                                                     │
╰──────────────────────────────────────────────────────────────────────────────────────────────────╯
╭──────────────────────────────────────────────────────────────────────────────────────────────────╮
│   Rules  a:add d:delete                                                                          │
│   /repo/uno      → a-cc                                                                          │
│   /repo/dos      → b-cc                                                                          │
╰──────────────────────────────────────────────────────────────────────────────────────────────────╯
╭──────────────────────────────────────────────────────────────────────────────────────────────────╮
│   Status  r:recompute                                                                            │
│ Active profile (terminal)default                                                                 │
│ Profile for cwd (rule)   default (default)                                                       │
│ Cwd                      /fixture/repo                                                           │
│ Repo                     not git                                                                 │
╰──────────────────────────────────────────────────────────────────────────────────────────────────╯

tab: panel · j/k: navigate · enter: detail · c: config · : commands · L: lang · q: quit