                            ▄█████▄                       
                           ▟███████▙▖   █████ █████ █████ 
 █████████    █████████    █████████    ██████████████████
 ██ ███ ██    █████████    ██ ███ ██    ██    ██    ██████
███████████  ███████████  ███████████   ██    ██    ██████
 █████████    █████████    █████████    █████ █████ ██    
 █ █   █ █    █ █   █ █    █ █   █ █     █████ █████ █    
v2.0.0 — perfiles para Claude Code

╭──────────────────────────────────────────────────────────────────────────────────────────────────╮
│ ▸ Perfiles  a:añadir d:borrar r:renombrar s:key e:vista l:login enter:detalle                    │
│ ▸ a-cc                 oficial    ✗ sin login                                                    │
│   b-cc                 oficial    ✗ sin login                                                    │
╰──────────────────────────────────────────────────────────────────────────────────────────────────╯
╭──────────────────────────────────────────────────────────────────────────────────────────────────╮
│   Reglas  a:añadir d:borrar                                                                      │
│   /repo/uno      → a-cc                                                                          │
│   /repo/dos      → b-cc                                                                          │
╰──────────────────────────────────────────────────────────────────────────────────────────────────╯
╭──────────────────────────────────────────────────────────────────────────────────────────────────╮
│   Estado  r:recomputar                                                                           │
│ Perfil activo (terminal) default                                                                 │
│ Perfil del cwd (regla)   default (default)                                                       │
│ Cwd                      /fixture/repo                                                           │
│ Repo                     no es git                                                               │
╰──────────────────────────────────────────────────────────────────────────────────────────────────╯

tab: panel · j/k: navegar · enter: detalle · c: config · : comandos · L: idioma · q: salir